#Group	IndID	mom	dad	M/F	B/W	S1_49453	S1_62817	S1_62838	S1_62845	S1_72490
1	8_3_2_1F	0	0	1	1	1 1	1 1	1 1	1 2	1 1
1	8_3_2_1M	0	0	2	1	1 1	1 1	1 1	1 2	1 1
1	B8_3_2_1_10M	8_3_2_1F	8_3_2_1M	2	1	0 0	1 1	0 0	0 0	1 1
1	B8_3_2_1_11M	8_3_2_1F	8_3_2_1M	2	1	1 1	1 1	1 1	1 2	1 1
1	W8_3_2_1_8M	8_3_2_1F	8_3_2_1M	2	2	1 1	1 1	1 1	1 1	1 1
1	W8_3_2_1_9M	8_3_2_1F	8_3_2_1M	2	2	1 1	1 1	0 0	0 0	0 0
2	8_3_2_2F	0	0	1	1	1 1	1 1	1 1	1 2	1 1
2	8_3_2_2M	0	0	2	1	1 1	1 1	1 1	2 2	1 1
2	B8_3_2_2_10M	8_3_2_2F	8_3_2_2M	2	1	1 1	1 1	1 1	1 2	1 1
2	B8_3_2_2_17M	8_3_2_2F	8_3_2_2M	2	1	1 1	1 1	1 1	1 2	1 1
2	W8_3_2_2_8F	8_3_2_2F	8_3_2_2M	1	2	0 0	1 1	1 1	2 2	1 1
2	W8_3_2_2_9F	8_3_2_2F	8_3_2_2M	1	2	0 0	1 1	0 0	0 0	0 0
5	8_3_2_5F	0	0	1	1	1 1	1 1	1 1	1 2	1 1
5	8_3_2_5M	0	0	2	1	1 1	1 1	1 1	1 2	1 1
5	B8_3_2_5_10F	8_3_2_5F	8_3_2_5M	1	1	1 1	1 1	1 1	1 2	1 1
5	B8_3_2_5_10M	8_3_2_5F	8_3_2_5M	2	1	1 1	1 1	1 1	1 1	1 1
5	W8_3_2_5_11M	8_3_2_5F	8_3_2_5M	2	2	0 0	1 1	1 1	2 2	0 0
5	W8_3_2_5_12M	8_3_2_5F	8_3_2_5M	2	2	1 1	1 1	1 1	2 2	1 1
